('Iphone 12', 300)
('Samsung Galaxy S20', 200)
('Heinner CR-20', 100)
400
